// Jest Snapshot v1, https://goo.gl/fbAQLP

exports[`Dataset edit component snapshot testing should match when loading and dataset not found 1`] = `
<Provider
  store={
    Object {
      "clearActions": [Function],
      "dispatch": [Function],
      "getActions": [Function],
      "getState": [Function],
      "replaceReducer": [Function],
      "subscribe": [Function],
    }
  }
>
  <EditDataset>
    <Skeleton
      avatar={false}
      paragraph={true}
      title={true}
    >
      <div
        className="ant-skeleton"
      >
        <div
          className="ant-skeleton-content"
        >
          <Title
            prefixCls="ant-skeleton-title"
            width="38%"
          >
            <h3
              className="ant-skeleton-title"
              style={
                Object {
                  "width": "38%",
                }
              }
            />
          </Title>
          <Paragraph
            prefixCls="ant-skeleton-paragraph"
            rows={3}
            width="61%"
          >
            <ul
              className="ant-skeleton-paragraph"
            >
              <li
                key="0"
                style={
                  Object {
                    "width": undefined,
                  }
                }
              />
              <li
                key="1"
                style={
                  Object {
                    "width": undefined,
                  }
                }
              />
              <li
                key="2"
                style={
                  Object {
                    "width": "61%",
                  }
                }
              />
            </ul>
          </Paragraph>
        </div>
      </div>
    </Skeleton>
  </EditDataset>
</Provider>
`;

exports[`Dataset edit component snapshot testing should render the component 1`] = `
<ContextProvider
  value={
    Object {
      "store": Object {
        "clearActions": [Function],
        "dispatch": [MockFunction],
        "getActions": [Function],
        "getState": [Function],
        "replaceReducer": [Function],
        "subscribe": [Function],
      },
      "subscription": Subscription {
        "handleChangeWrapper": [Function],
        "listeners": Object {
          "notify": [Function],
        },
        "onStateChange": [Function],
        "parentSub": undefined,
        "store": Object {
          "clearActions": [Function],
          "dispatch": [MockFunction],
          "getActions": [Function],
          "getState": [Function],
          "replaceReducer": [Function],
          "subscribe": [Function],
        },
        "unsubscribe": null,
      },
    }
  }
>
  <EditDataset />
</ContextProvider>
`;
