// Jest Snapshot v1, https://goo.gl/fbAQLP

exports[`DatasetDetails component should render the component 1`] = `
<Card>
  <Descriptions
    column={1}
    title="title"
  >
    <DescriptionsItem
      label="Contact email"
    >
      contact_email
    </DescriptionsItem>
    <DescriptionsItem
      label="Contact name"
    >
      contact_name
    </DescriptionsItem>
    <DescriptionsItem
      label="Data standard"
    >
      data_standard
    </DescriptionsItem>
    <DescriptionsItem
      label="Description"
    >
      description
    </DescriptionsItem>
    <DescriptionsItem
      label="Frequency"
    >
      frequency
    </DescriptionsItem>
    <DescriptionsItem
      label="Granularity"
    >
      granularity
    </DescriptionsItem>
    <DescriptionsItem
      label="License"
    >
      license
    </DescriptionsItem>
    <DescriptionsItem
      label="Related articles"
    >
      related_articles
    </DescriptionsItem>
    <DescriptionsItem
      label="Source"
    >
      source
    </DescriptionsItem>
    <DescriptionsItem
      label="Temporal coverage"
    >
      temporal_coverage
    </DescriptionsItem>
    <DescriptionsItem
      label="Time saved"
    >
      time_saved
    </DescriptionsItem>
    <DescriptionsItem
      label="Created At"
    >
      in 3 months
    </DescriptionsItem>
  </Descriptions>
</Card>
`;
