// Jest Snapshot v1, https://goo.gl/fbAQLP

exports[`Tags create component snapshot testing should render the component 1`] = `
<TagCreateForm
  onSubmit={[Function]}
/>
`;
