// Jest Snapshot v1, https://goo.gl/fbAQLP

exports[`Currencies create component snapshot testing should render the component 1`] = `
<CurrencyCreateForm
  onSubmit={[Function]}
/>
`;
