// Jest Snapshot v1, https://goo.gl/fbAQLP

exports[`Order List component should render the component 1`] = `<Orders />`;
