// Jest Snapshot v1, https://goo.gl/fbAQLP

exports[`Carts Detail component should render the component 1`] = `<CartDetail />`;
