// Jest Snapshot v1, https://goo.gl/fbAQLP

exports[`Carts List component should render the component 1`] = `<CartItems />`;
