// Jest Snapshot v1, https://goo.gl/fbAQLP

exports[`Products create component snapshot testing should render the component 1`] = `
<ProductCreateForm
  onSubmit={[Function]}
/>
`;
