// Jest Snapshot v1, https://goo.gl/fbAQLP

exports[`Catalogs create component snapshot testing should render the component 1`] = `
<CatalogCreateForm
  onSubmit={[Function]}
/>
`;
