// Jest Snapshot v1, https://goo.gl/fbAQLP

exports[`Media List component should render the component 1`] = `
<Fragment>
  <MediaUploader />
  <MediaList />
</Fragment>
`;
