// Jest Snapshot v1, https://goo.gl/fbAQLP

exports[`Plans create component snapshot testing should render the component 1`] = `
<PlanCreateForm
  onSubmit={[Function]}
/>
`;
