// Jest Snapshot v1, https://goo.gl/fbAQLP

exports[`Payment List component should render the component 1`] = `<PaymentsList />`;
