// Jest Snapshot v1, https://goo.gl/fbAQLP

exports[`Orders List component snapshot testing should match component when loading 1`] = `
<div>
  <div
    className="ant-table-wrapper"
  >
    <div
      className="ant-spin-nested-loading"
    >
      <div
        className="ant-spin-container"
      >
        <div
          className="ant-table ant-table-bordered ant-table-empty"
        >
          <div
            className="ant-table-container"
          >
            <div
              className="ant-table-content"
              onScroll={[Function]}
              style={Object {}}
            >
              <table
                style={
                  Object {
                    "tableLayout": "auto",
                  }
                }
              >
                <colgroup>
                  <col
                    style={
                      Object {
                        "minWidth": "20%",
                        "width": "20%",
                      }
                    }
                  />
                  <col
                    style={
                      Object {
                        "minWidth": "20%",
                        "width": "20%",
                      }
                    }
                  />
                  <col
                    style={
                      Object {
                        "minWidth": "20%",
                        "width": "20%",
                      }
                    }
                  />
                  <col
                    style={
                      Object {
                        "minWidth": "20%",
                        "width": "20%",
                      }
                    }
                  />
                  <col
                    style={
                      Object {
                        "minWidth": "20%",
                        "width": "20%",
                      }
                    }
                  />
                </colgroup>
                <thead
                  className="ant-table-thead"
                >
                  <tr>
                    <th
                      className="ant-table-cell"
                      colSpan={null}
                      rowSpan={null}
                      style={Object {}}
                    >
                      Cart
                    </th>
                    <th
                      className="ant-table-cell"
                      colSpan={null}
                      rowSpan={null}
                      style={Object {}}
                    >
                      Amount
                    </th>
                    <th
                      className="ant-table-cell"
                      colSpan={null}
                      rowSpan={null}
                      style={Object {}}
                    >
                      User
                    </th>
                    <th
                      className="ant-table-cell"
                      colSpan={null}
                      rowSpan={null}
                      style={Object {}}
                    >
                      Status
                    </th>
                    <th
                      className="ant-table-cell"
                      colSpan={null}
                      rowSpan={null}
                      style={Object {}}
                    >
                      Created At
                    </th>
                    <th
                      className="ant-table-cell"
                      colSpan={null}
                      rowSpan={null}
                      style={Object {}}
                    >
                      Operation
                    </th>
                  </tr>
                </thead>
                <tbody
                  className="ant-table-tbody"
                >
                  <tr
                    className="ant-table-placeholder"
                    style={
                      Object {
                        "display": null,
                      }
                    }
                  >
                    <td
                      className="ant-table-cell"
                      colSpan={6}
                      rowSpan={null}
                      style={Object {}}
                    >
                      <div
                        className="ant-empty ant-empty-normal"
                      >
                        <div
                          className="ant-empty-image"
                        >
                          <svg
                            className="ant-empty-img-simple"
                            height="41"
                            viewBox="0 0 64 41"
                            width="64"
                            xmlns="http://www.w3.org/2000/svg"
                          >
                            <g
                              fill="none"
                              fillRule="evenodd"
                              transform="translate(0 1)"
                            >
                              <ellipse
                                className="ant-empty-img-simple-ellipse"
                                cx="32"
                                cy="33"
                                rx="32"
                                ry="7"
                              />
                              <g
                                className="ant-empty-img-simple-g"
                                fillRule="nonzero"
                              >
                                <path
                                  d="M55 12.76L44.854 1.258C44.367.474 43.656 0 42.907 0H21.093c-.749 0-1.46.474-1.947 1.257L9 12.761V22h46v-9.24z"
                                />
                                <path
                                  className="ant-empty-img-simple-path"
                                  d="M41.613 15.931c0-1.605.994-2.93 2.227-2.931H55v18.137C55 33.26 53.68 35 52.05 35h-40.1C10.32 35 9 33.259 9 31.137V13h11.16c1.233 0 2.227 1.323 2.227 2.928v.022c0 1.605 1.005 2.901 2.237 2.901h14.752c1.232 0 2.237-1.308 2.237-2.913v-.007z"
                                />
                              </g>
                            </g>
                          </svg>
                        </div>
                        <p
                          className="ant-empty-description"
                        >
                          No Data
                        </p>
                      </div>
                    </td>
                  </tr>
                </tbody>
              </table>
            </div>
          </div>
        </div>
      </div>
    </div>
  </div>
</div>
`;

exports[`Orders List component snapshot testing should match component with orders 1`] = `
<div>
  <div
    className="ant-table-wrapper"
  >
    <div
      className="ant-spin-nested-loading"
    >
      <div
        className="ant-spin-container"
      >
        <div
          className="ant-table ant-table-bordered"
        >
          <div
            className="ant-table-container"
          >
            <div
              className="ant-table-content"
              onScroll={[Function]}
              style={Object {}}
            >
              <table
                style={
                  Object {
                    "tableLayout": "auto",
                  }
                }
              >
                <colgroup>
                  <col
                    style={
                      Object {
                        "minWidth": "20%",
                        "width": "20%",
                      }
                    }
                  />
                  <col
                    style={
                      Object {
                        "minWidth": "20%",
                        "width": "20%",
                      }
                    }
                  />
                  <col
                    style={
                      Object {
                        "minWidth": "20%",
                        "width": "20%",
                      }
                    }
                  />
                  <col
                    style={
                      Object {
                        "minWidth": "20%",
                        "width": "20%",
                      }
                    }
                  />
                  <col
                    style={
                      Object {
                        "minWidth": "20%",
                        "width": "20%",
                      }
                    }
                  />
                </colgroup>
                <thead
                  className="ant-table-thead"
                >
                  <tr>
                    <th
                      className="ant-table-cell"
                      colSpan={null}
                      rowSpan={null}
                      style={Object {}}
                    >
                      Cart
                    </th>
                    <th
                      className="ant-table-cell"
                      colSpan={null}
                      rowSpan={null}
                      style={Object {}}
                    >
                      Amount
                    </th>
                    <th
                      className="ant-table-cell"
                      colSpan={null}
                      rowSpan={null}
                      style={Object {}}
                    >
                      User
                    </th>
                    <th
                      className="ant-table-cell"
                      colSpan={null}
                      rowSpan={null}
                      style={Object {}}
                    >
                      Status
                    </th>
                    <th
                      className="ant-table-cell"
                      colSpan={null}
                      rowSpan={null}
                      style={Object {}}
                    >
                      Created At
                    </th>
                    <th
                      className="ant-table-cell"
                      colSpan={null}
                      rowSpan={null}
                      style={Object {}}
                    >
                      Operation
                    </th>
                  </tr>
                </thead>
                <tbody
                  className="ant-table-tbody"
                >
                  <tr
                    className="ant-table-row ant-table-row-level-0"
                    data-row-key={1}
                    onClick={[Function]}
                    style={Object {}}
                  >
                    <td
                      className="ant-table-cell"
                      colSpan={null}
                      rowSpan={null}
                      style={Object {}}
                    >
                      1
                    </td>
                    <td
                      className="ant-table-cell"
                      colSpan={null}
                      rowSpan={null}
                      style={Object {}}
                    >
                      <span>
                        100 INR
                      </span>
                    </td>
                    <td
                      className="ant-table-cell"
                      colSpan={null}
                      rowSpan={null}
                      style={Object {}}
                    >
                      1
                    </td>
                    <td
                      className="ant-table-cell"
                      colSpan={null}
                      rowSpan={null}
                      style={Object {}}
                    >
                      status
                    </td>
                    <td
                      className="ant-table-cell"
                      colSpan={null}
                      rowSpan={null}
                      style={Object {}}
                    >
                      <span
                        title="2020-12-12"
                      >
                        4 months ago
                      </span>
                    </td>
                    <td
                      className="ant-table-cell"
                      colSpan={null}
                      rowSpan={null}
                      style={Object {}}
                    >
                      <span>
                        <button
                          className="ant-btn ant-btn-primary"
                          onClick={[Function]}
                          style={
                            Object {
                              "marginRight": 8,
                            }
                          }
                          type="button"
                        >
                          <span>
                            Details
                          </span>
                        </button>
                      </span>
                    </td>
                  </tr>
                </tbody>
              </table>
            </div>
          </div>
        </div>
        <ul
          className="ant-pagination ant-table-pagination ant-table-pagination-right"
          style={Object {}}
          unselectable="unselectable"
        >
          <li
            aria-disabled={true}
            className="ant-pagination-prev ant-pagination-disabled"
            onClick={[Function]}
            onKeyPress={[Function]}
            tabIndex={null}
            title="Previous Page"
          >
            <button
              className="ant-pagination-item-link"
              disabled={true}
              tabIndex={-1}
              type="button"
            >
              <span
                aria-label="left"
                className="anticon anticon-left"
                role="img"
              >
                <svg
                  aria-hidden="true"
                  className=""
                  data-icon="left"
                  fill="currentColor"
                  focusable="false"
                  height="1em"
                  viewBox="64 64 896 896"
                  width="1em"
                >
                  <path
                    d="M724 218.3V141c0-6.7-7.7-10.4-12.9-6.3L260.3 486.8a31.86 31.86 0 000 50.3l450.8 352.1c5.3 4.1 12.9.4 12.9-6.3v-77.3c0-4.9-2.3-9.6-6.1-12.6l-360-281 360-281.1c3.8-3 6.1-7.7 6.1-12.6z"
                  />
                </svg>
              </span>
            </button>
          </li>
          <li
            className="ant-pagination-item ant-pagination-item-1 ant-pagination-item-active"
            onClick={[Function]}
            onKeyPress={[Function]}
            tabIndex="0"
            title={1}
          >
            <a
              rel="nofollow"
            >
              1
            </a>
          </li>
          <li
            aria-disabled={true}
            className="ant-pagination-next ant-pagination-disabled"
            onClick={[Function]}
            onKeyPress={[Function]}
            tabIndex={null}
            title="Next Page"
          >
            <button
              className="ant-pagination-item-link"
              disabled={true}
              tabIndex={-1}
              type="button"
            >
              <span
                aria-label="right"
                className="anticon anticon-right"
                role="img"
              >
                <svg
                  aria-hidden="true"
                  className=""
                  data-icon="right"
                  fill="currentColor"
                  focusable="false"
                  height="1em"
                  viewBox="64 64 896 896"
                  width="1em"
                >
                  <path
                    d="M765.7 486.8L314.9 134.7A7.97 7.97 0 00302 141v77.3c0 4.9 2.3 9.6 6.1 12.6l360 281.1-360 281.1c-3.9 3-6.1 7.7-6.1 12.6V883c0 6.7 7.7 10.4 12.9 6.3l450.8-352.1a31.96 31.96 0 000-50.4z"
                  />
                </svg>
              </span>
            </button>
          </li>
        </ul>
      </div>
    </div>
  </div>
</div>
`;

exports[`Orders List component snapshot testing should render the component 1`] = `
<div>
  <div
    className="ant-table-wrapper"
  >
    <div
      className="ant-spin-nested-loading"
    >
      <div
        className="ant-spin-container"
      >
        <div
          className="ant-table ant-table-bordered"
        >
          <div
            className="ant-table-container"
          >
            <div
              className="ant-table-content"
              onScroll={[Function]}
              style={Object {}}
            >
              <table
                style={
                  Object {
                    "tableLayout": "auto",
                  }
                }
              >
                <colgroup>
                  <col
                    style={
                      Object {
                        "minWidth": "20%",
                        "width": "20%",
                      }
                    }
                  />
                  <col
                    style={
                      Object {
                        "minWidth": "20%",
                        "width": "20%",
                      }
                    }
                  />
                  <col
                    style={
                      Object {
                        "minWidth": "20%",
                        "width": "20%",
                      }
                    }
                  />
                  <col
                    style={
                      Object {
                        "minWidth": "20%",
                        "width": "20%",
                      }
                    }
                  />
                  <col
                    style={
                      Object {
                        "minWidth": "20%",
                        "width": "20%",
                      }
                    }
                  />
                </colgroup>
                <thead
                  className="ant-table-thead"
                >
                  <tr>
                    <th
                      className="ant-table-cell"
                      colSpan={null}
                      rowSpan={null}
                      style={Object {}}
                    >
                      Cart
                    </th>
                    <th
                      className="ant-table-cell"
                      colSpan={null}
                      rowSpan={null}
                      style={Object {}}
                    >
                      Amount
                    </th>
                    <th
                      className="ant-table-cell"
                      colSpan={null}
                      rowSpan={null}
                      style={Object {}}
                    >
                      User
                    </th>
                    <th
                      className="ant-table-cell"
                      colSpan={null}
                      rowSpan={null}
                      style={Object {}}
                    >
                      Status
                    </th>
                    <th
                      className="ant-table-cell"
                      colSpan={null}
                      rowSpan={null}
                      style={Object {}}
                    >
                      Created At
                    </th>
                    <th
                      className="ant-table-cell"
                      colSpan={null}
                      rowSpan={null}
                      style={Object {}}
                    >
                      Operation
                    </th>
                  </tr>
                </thead>
                <tbody
                  className="ant-table-tbody"
                >
                  <tr
                    className="ant-table-row ant-table-row-level-0"
                    data-row-key={1}
                    onClick={[Function]}
                    style={Object {}}
                  >
                    <td
                      className="ant-table-cell"
                      colSpan={null}
                      rowSpan={null}
                      style={Object {}}
                    >
                      1
                    </td>
                    <td
                      className="ant-table-cell"
                      colSpan={null}
                      rowSpan={null}
                      style={Object {}}
                    >
                      <span>
                        100 INR
                      </span>
                    </td>
                    <td
                      className="ant-table-cell"
                      colSpan={null}
                      rowSpan={null}
                      style={Object {}}
                    >
                      1
                    </td>
                    <td
                      className="ant-table-cell"
                      colSpan={null}
                      rowSpan={null}
                      style={Object {}}
                    >
                      status
                    </td>
                    <td
                      className="ant-table-cell"
                      colSpan={null}
                      rowSpan={null}
                      style={Object {}}
                    >
                      <span
                        title="2020-12-12"
                      >
                        4 months ago
                      </span>
                    </td>
                    <td
                      className="ant-table-cell"
                      colSpan={null}
                      rowSpan={null}
                      style={Object {}}
                    >
                      <span>
                        <button
                          className="ant-btn ant-btn-primary"
                          onClick={[Function]}
                          style={
                            Object {
                              "marginRight": 8,
                            }
                          }
                          type="button"
                        >
                          <span>
                            Details
                          </span>
                        </button>
                      </span>
                    </td>
                  </tr>
                </tbody>
              </table>
            </div>
          </div>
        </div>
        <ul
          className="ant-pagination ant-table-pagination ant-table-pagination-right"
          style={Object {}}
          unselectable="unselectable"
        >
          <li
            aria-disabled={true}
            className="ant-pagination-prev ant-pagination-disabled"
            onClick={[Function]}
            onKeyPress={[Function]}
            tabIndex={null}
            title="Previous Page"
          >
            <button
              className="ant-pagination-item-link"
              disabled={true}
              tabIndex={-1}
              type="button"
            >
              <span
                aria-label="left"
                className="anticon anticon-left"
                role="img"
              >
                <svg
                  aria-hidden="true"
                  className=""
                  data-icon="left"
                  fill="currentColor"
                  focusable="false"
                  height="1em"
                  viewBox="64 64 896 896"
                  width="1em"
                >
                  <path
                    d="M724 218.3V141c0-6.7-7.7-10.4-12.9-6.3L260.3 486.8a31.86 31.86 0 000 50.3l450.8 352.1c5.3 4.1 12.9.4 12.9-6.3v-77.3c0-4.9-2.3-9.6-6.1-12.6l-360-281 360-281.1c3.8-3 6.1-7.7 6.1-12.6z"
                  />
                </svg>
              </span>
            </button>
          </li>
          <li
            className="ant-pagination-item ant-pagination-item-1 ant-pagination-item-active"
            onClick={[Function]}
            onKeyPress={[Function]}
            tabIndex="0"
            title={1}
          >
            <a
              rel="nofollow"
            >
              1
            </a>
          </li>
          <li
            aria-disabled={true}
            className="ant-pagination-next ant-pagination-disabled"
            onClick={[Function]}
            onKeyPress={[Function]}
            tabIndex={null}
            title="Next Page"
          >
            <button
              className="ant-pagination-item-link"
              disabled={true}
              tabIndex={-1}
              type="button"
            >
              <span
                aria-label="right"
                className="anticon anticon-right"
                role="img"
              >
                <svg
                  aria-hidden="true"
                  className=""
                  data-icon="right"
                  fill="currentColor"
                  focusable="false"
                  height="1em"
                  viewBox="64 64 896 896"
                  width="1em"
                >
                  <path
                    d="M765.7 486.8L314.9 134.7A7.97 7.97 0 00302 141v77.3c0 4.9 2.3 9.6 6.1 12.6l360 281.1-360 281.1c-3.9 3-6.1 7.7-6.1 12.6V883c0 6.7 7.7 10.4 12.9 6.3l450.8-352.1a31.96 31.96 0 000-50.4z"
                  />
                </svg>
              </span>
            </button>
          </li>
        </ul>
      </div>
    </div>
  </div>
</div>
`;
